// Jest Snapshot v1, https://goo.gl/fbAQLP

exports[`renders ProductList correctly when there are products 1`] = `
Array [
  <div
    className="Toastify"
  />,
  <div
    className="container-wrapper container"
  >
    <div
      className="row"
    >
      <div
        className="col-lg-10 col-md-10 col-sm-12"
      >
        <h2>
          Customise Product Fields
        </h2>
        <form
          className="form-wrapper"
        >
          <label>
            Product Name
          </label>
          <input
            checked={true}
            name="name"
            onChange={[Function]}
            type="checkbox"
          />
          <label>
            Manufacture
          </label>
          <input
            checked={true}
            name="manufacture"
            onChange={[Function]}
            type="checkbox"
          />
          <label>
            Rating
          </label>
          <input
            checked={true}
            name="rating"
            onChange={[Function]}
            type="checkbox"
          />
          <label>
            Description
          </label>
          <input
            checked={true}
            name="description"
            onChange={[Function]}
            type="checkbox"
          />
        </form>
      </div>
      <div
        className="col"
      >
        <div
          className="row"
        >
          <div
            className="m-1 col"
          >
            <div
              style={
                Object {
                  "margin": "2px",
                  "width": "10.5rem",
                }
              }
            />
          </div>
          <div
            className="m-1 col"
          >
            <div
              style={
                Object {
                  "margin": "2px",
                  "width": "9rem",
                }
              }
            >
              <button
                className="btn btn-primary"
                disabled={false}
                onClick={[Function]}
                type="button"
              >
                Add Product 
                <svg
                  fill="none"
                  height="1em"
                  stroke="currentColor"
                  strokeWidth="0"
                  style={
                    Object {
                      "color": undefined,
                    }
                  }
                  viewBox="0 0 24 24"
                  width="1em"
                  xmlns="http://www.w3.org/2000/svg"
                >
                  <path
                    d="M12 6C12.5523 6 13 6.44772 13 7V11H17C17.5523 11 18 11.4477 18 12C18 12.5523 17.5523 13 17 13H13V17C13 17.5523 12.5523 18 12 18C11.4477 18 11 17.5523 11 17V13H7C6.44772 13 6 12.5523 6 12C6 11.4477 6.44772 11 7 11H11V7C11 6.44772 11.4477 6 12 6Z"
                    fill="currentColor"
                  />
                  <path
                    clipRule="evenodd"
                    d="M5 22C3.34315 22 2 20.6569 2 19V5C2 3.34315 3.34315 2 5 2H19C20.6569 2 22 3.34315 22 5V19C22 20.6569 20.6569 22 19 22H5ZM4 19C4 19.5523 4.44772 20 5 20H19C19.5523 20 20 19.5523 20 19V5C20 4.44772 19.5523 4 19 4H5C4.44772 4 4 4.44772 4 5V19Z"
                    fill="currentColor"
                    fillRule="evenodd"
                  />
                </svg>
              </button>
            </div>
          </div>
        </div>
      </div>
    </div>
  </div>,
  <br />,
  <div
    className="container"
  >
    <div
      className="justify-content-md-center row"
    >
      <div
        className="col-lg-3 col-md-6 col-sm-6 col-12"
      >
        <div
          className="card-wrapper card"
        >
          <img
            className="card-img-top"
            height={250}
            onClick={[Function]}
            onError={[Function]}
            src="https://dummyjson.com/image/i/products/2/thumbnail.jpg"
            style={
              Object {
                "cursor": "pointer",
                "padding": "0.3rem",
              }
            }
            width={250}
          />
          <div
            className="card-body"
          >
            <div
              style={
                Object {
                  "float": "right",
                  "marginLeft": "4px",
                }
              }
            >
              <input
                name="delete"
                onChange={[Function]}
                type="checkbox"
              />
            </div>
            <div
              className="card-text-formatter card-title h5"
            >
              iPhone X
            </div>
            <div
              className="card-text-formatter card-title h5"
            >
              Apple
            </div>
            <div
              className="card-text-formatter card-title h5"
            >
              <div
                className="react-stars-wrapper-0322622716510935"
                style={
                  Object {
                    "display": "flex",
                  }
                }
              >
                <div
                  aria-label="add rating by typing an integer from 0 to 5 or pressing arrow keys"
                  className="undefined react-stars"
                  onKeyDown={[Function]}
                  style={
                    Object {
                      "overflow": "hidden",
                      "position": "relative",
                    }
                  }
                  tabIndex={null}
                >
                  <span
                    className=""
                    data-forhalf="★"
                    data-index={0}
                    onClick={[Function]}
                    onMouseLeave={[Function]}
                    onMouseMove={[Function]}
                    onMouseOver={[Function]}
                    style={
                      Object {
                        "color": "#ffd700",
                        "cursor": "default",
                        "display": "block",
                        "float": "left",
                        "fontSize": "25px",
                        "overflow": "hidden",
                        "position": "relative",
                      }
                    }
                  >
                    ★
                  </span>
                  <span
                    className=""
                    data-forhalf="★"
                    data-index={1}
                    onClick={[Function]}
                    onMouseLeave={[Function]}
                    onMouseMove={[Function]}
                    onMouseOver={[Function]}
                    style={
                      Object {
                        "color": "#ffd700",
                        "cursor": "default",
                        "display": "block",
                        "float": "left",
                        "fontSize": "25px",
                        "overflow": "hidden",
                        "position": "relative",
                      }
                    }
                  >
                    ★
                  </span>
                  <span
                    className=""
                    data-forhalf="★"
                    data-index={2}
                    onClick={[Function]}
                    onMouseLeave={[Function]}
                    onMouseMove={[Function]}
                    onMouseOver={[Function]}
                    style={
                      Object {
                        "color": "gray",
                        "cursor": "default",
                        "display": "block",
                        "float": "left",
                        "fontSize": "25px",
                        "overflow": "hidden",
                        "position": "relative",
                      }
                    }
                  >
                    ★
                  </span>
                  <span
                    className=""
                    data-forhalf="★"
                    data-index={3}
                    onClick={[Function]}
                    onMouseLeave={[Function]}
                    onMouseMove={[Function]}
                    onMouseOver={[Function]}
                    style={
                      Object {
                        "color": "gray",
                        "cursor": "default",
                        "display": "block",
                        "float": "left",
                        "fontSize": "25px",
                        "overflow": "hidden",
                        "position": "relative",
                      }
                    }
                  >
                    ★
                  </span>
                  <span
                    className=""
                    data-forhalf="★"
                    data-index={4}
                    onClick={[Function]}
                    onMouseLeave={[Function]}
                    onMouseMove={[Function]}
                    onMouseOver={[Function]}
                    style={
                      Object {
                        "color": "gray",
                        "cursor": "default",
                        "display": "block",
                        "float": "left",
                        "fontSize": "25px",
                        "overflow": "hidden",
                        "position": "relative",
                      }
                    }
                  >
                    ★
                  </span>
                  <p
                    role="status"
                    style={
                      Object {
                        "left": "-200rem",
                        "position": "absolute",
                      }
                    }
                  >
                    2
                  </p>
                </div>
              </div>
            </div>
            <p
              className="card-text-formatter card-text"
            >
              SIM-Free, Model A19211 6.5-inch Super Retina HD display with OLED technology A12 Bionic chip with ...
            </p>
            <div
              className="button-wrapper"
            >
              <button
                className="btn btn-primary"
                disabled={false}
                onClick={[Function]}
                type="button"
              >
                Edit 
                <svg
                  fill="currentColor"
                  height="1em"
                  stroke="currentColor"
                  strokeWidth="0"
                  style={
                    Object {
                      "color": undefined,
                    }
                  }
                  viewBox="0 0 1024 1024"
                  width="1em"
                  xmlns="http://www.w3.org/2000/svg"
                >
                  <path
                    d="M257.7 752c2 0 4-.2 6-.5L431.9 722c2-.4 3.9-1.3 5.3-2.8l423.9-423.9a9.96 9.96 0 0 0 0-14.1L694.9 114.9c-1.9-1.9-4.4-2.9-7.1-2.9s-5.2 1-7.1 2.9L256.8 538.8c-1.5 1.5-2.4 3.3-2.8 5.3l-29.5 168.2a33.5 33.5 0 0 0 9.4 29.8c6.6 6.4 14.9 9.9 23.8 9.9zm67.4-174.4L687.8 215l73.3 73.3-362.7 362.6-88.9 15.7 15.6-89zM880 836H144c-17.7 0-32 14.3-32 32v36c0 4.4 3.6 8 8 8h784c4.4 0 8-3.6 8-8v-36c0-17.7-14.3-32-32-32z"
                  />
                </svg>
              </button>
              <button
                className="btn btn-danger"
                disabled={false}
                onClick={[Function]}
                type="button"
              >
                Delete 
                <svg
                  fill="currentColor"
                  height="1em"
                  stroke="currentColor"
                  strokeWidth="0"
                  style={
                    Object {
                      "color": undefined,
                    }
                  }
                  viewBox="0 0 24 24"
                  width="1em"
                  xmlns="http://www.w3.org/2000/svg"
                >
                  <g>
                    <path
                      d="M0 0h24v24H0z"
                      fill="none"
                    />
                    <path
                      d="M7 4V2h10v2h5v2h-2v15a1 1 0 0 1-1 1H5a1 1 0 0 1-1-1V6H2V4h5zM6 6v14h12V6H6zm3 3h2v8H9V9zm4 0h2v8h-2V9z"
                    />
                  </g>
                </svg>
              </button>
            </div>
          </div>
        </div>
      </div>
      <div
        className="col-lg-3 col-md-6 col-sm-6 col-12"
      >
        <div
          className="card-wrapper card"
        >
          <img
            className="card-img-top"
            height={250}
            onClick={[Function]}
            onError={[Function]}
            src="https://dummyjson.com/image/i/products/3/thumbnail.jpg"
            style={
              Object {
                "cursor": "pointer",
                "padding": "0.3rem",
              }
            }
            width={250}
          />
          <div
            className="card-body"
          >
            <div
              style={
                Object {
                  "float": "right",
                  "marginLeft": "4px",
                }
              }
            >
              <input
                name="delete"
                onChange={[Function]}
                type="checkbox"
              />
            </div>
            <div
              className="card-text-formatter card-title h5"
            >
              Samsung Universe 9
            </div>
            <div
              className="card-text-formatter card-title h5"
            >
              Samsung
            </div>
            <div
              className="card-text-formatter card-title h5"
            >
              <div
                className="react-stars-wrapper-09911238146931758"
                style={
                  Object {
                    "display": "flex",
                  }
                }
              >
                <div
                  aria-label="add rating by typing an integer from 0 to 5 or pressing arrow keys"
                  className="undefined react-stars"
                  onKeyDown={[Function]}
                  style={
                    Object {
                      "overflow": "hidden",
                      "position": "relative",
                    }
                  }
                  tabIndex={null}
                >
                  <span
                    className=""
                    data-forhalf="★"
                    data-index={0}
                    onClick={[Function]}
                    onMouseLeave={[Function]}
                    onMouseMove={[Function]}
                    onMouseOver={[Function]}
                    style={
                      Object {
                        "color": "#ffd700",
                        "cursor": "default",
                        "display": "block",
                        "float": "left",
                        "fontSize": "25px",
                        "overflow": "hidden",
                        "position": "relative",
                      }
                    }
                  >
                    ★
                  </span>
                  <span
                    className=""
                    data-forhalf="★"
                    data-index={1}
                    onClick={[Function]}
                    onMouseLeave={[Function]}
                    onMouseMove={[Function]}
                    onMouseOver={[Function]}
                    style={
                      Object {
                        "color": "#ffd700",
                        "cursor": "default",
                        "display": "block",
                        "float": "left",
                        "fontSize": "25px",
                        "overflow": "hidden",
                        "position": "relative",
                      }
                    }
                  >
                    ★
                  </span>
                  <span
                    className=""
                    data-forhalf="★"
                    data-index={2}
                    onClick={[Function]}
                    onMouseLeave={[Function]}
                    onMouseMove={[Function]}
                    onMouseOver={[Function]}
                    style={
                      Object {
                        "color": "gray",
                        "cursor": "default",
                        "display": "block",
                        "float": "left",
                        "fontSize": "25px",
                        "overflow": "hidden",
                        "position": "relative",
                      }
                    }
                  >
                    ★
                  </span>
                  <span
                    className=""
                    data-forhalf="★"
                    data-index={3}
                    onClick={[Function]}
                    onMouseLeave={[Function]}
                    onMouseMove={[Function]}
                    onMouseOver={[Function]}
                    style={
                      Object {
                        "color": "gray",
                        "cursor": "default",
                        "display": "block",
                        "float": "left",
                        "fontSize": "25px",
                        "overflow": "hidden",
                        "position": "relative",
                      }
                    }
                  >
                    ★
                  </span>
                  <span
                    className=""
                    data-forhalf="★"
                    data-index={4}
                    onClick={[Function]}
                    onMouseLeave={[Function]}
                    onMouseMove={[Function]}
                    onMouseOver={[Function]}
                    style={
                      Object {
                        "color": "gray",
                        "cursor": "default",
                        "display": "block",
                        "float": "left",
                        "fontSize": "25px",
                        "overflow": "hidden",
                        "position": "relative",
                      }
                    }
                  >
                    ★
                  </span>
                  <p
                    role="status"
                    style={
                      Object {
                        "left": "-200rem",
                        "position": "absolute",
                      }
                    }
                  >
                    2
                  </p>
                </div>
              </div>
            </div>
            <p
              className="card-text-formatter card-text"
            >
              Samsung's new variant which goes beyond Galaxy to the Universe
            </p>
            <div
              className="button-wrapper"
            >
              <button
                className="btn btn-primary"
                disabled={false}
                onClick={[Function]}
                type="button"
              >
                Edit 
                <svg
                  fill="currentColor"
                  height="1em"
                  stroke="currentColor"
                  strokeWidth="0"
                  style={
                    Object {
                      "color": undefined,
                    }
                  }
                  viewBox="0 0 1024 1024"
                  width="1em"
                  xmlns="http://www.w3.org/2000/svg"
                >
                  <path
                    d="M257.7 752c2 0 4-.2 6-.5L431.9 722c2-.4 3.9-1.3 5.3-2.8l423.9-423.9a9.96 9.96 0 0 0 0-14.1L694.9 114.9c-1.9-1.9-4.4-2.9-7.1-2.9s-5.2 1-7.1 2.9L256.8 538.8c-1.5 1.5-2.4 3.3-2.8 5.3l-29.5 168.2a33.5 33.5 0 0 0 9.4 29.8c6.6 6.4 14.9 9.9 23.8 9.9zm67.4-174.4L687.8 215l73.3 73.3-362.7 362.6-88.9 15.7 15.6-89zM880 836H144c-17.7 0-32 14.3-32 32v36c0 4.4 3.6 8 8 8h784c4.4 0 8-3.6 8-8v-36c0-17.7-14.3-32-32-32z"
                  />
                </svg>
              </button>
              <button
                className="btn btn-danger"
                disabled={false}
                onClick={[Function]}
                type="button"
              >
                Delete 
                <svg
                  fill="currentColor"
                  height="1em"
                  stroke="currentColor"
                  strokeWidth="0"
                  style={
                    Object {
                      "color": undefined,
                    }
                  }
                  viewBox="0 0 24 24"
                  width="1em"
                  xmlns="http://www.w3.org/2000/svg"
                >
                  <g>
                    <path
                      d="M0 0h24v24H0z"
                      fill="none"
                    />
                    <path
                      d="M7 4V2h10v2h5v2h-2v15a1 1 0 0 1-1 1H5a1 1 0 0 1-1-1V6H2V4h5zM6 6v14h12V6H6zm3 3h2v8H9V9zm4 0h2v8h-2V9z"
                    />
                  </g>
                </svg>
              </button>
            </div>
          </div>
        </div>
      </div>
    </div>
  </div>,
]
`;
