// Jest Snapshot v1, https://goo.gl/fbAQLP

exports[`renders Chart correctly when there are products 1`] = `
<DocumentFragment>
  <div
    style="text-align: center; margin-top: -4rem;"
  >
    <h2>
      Top Rated Product Above 3 Stars
    </h2>
  </div>
  <div
    class="container"
  >
    <div
      class="row"
    >
      <div
        class="col-lg-10 col-md-8 col-sm-12 col-12"
      >
        <canvas
          height="150"
          role="img"
          width="300"
        />
      </div>
      <div
        class="col"
      />
    </div>
  </div>
</DocumentFragment>
`;
